
> rongcheng-admin@1.0.0 build
> vue-tsc && vite build

[36mvite v5.4.21 [32mbuilding for production...[36m[39m
transforming...
npm : DEPRECATION WARNING [legacy-js-api]: The legacy JS API is deprecated and will be removed in Dart Sass 2.0.0.
所在位置 行:1 字符: 77
+ ... admin; Write-Host "=== npm run build ==="; npm run build 2>&1 | Out-F ...
+                                                ~~~~~~~~~~~~~~~~~~
    + CategoryInfo          : NotSpecified: (DEPRECATION WAR...art Sass 2.0.0.:String) [], RemoteException
    + FullyQualifiedErrorId : NativeCommandError
 

More info: https://sass-lang.com/d/legacy-js-api

DEPRECATION WARNING [legacy-js-api]: The legacy JS API is deprecated and will be removed in Dart Sass 2.0.0.

More info: https://sass-lang.com/d/legacy-js-api

node_modules/@vueuse/core/dist/index.js (3362:0): A comment

"/* #__PURE__ */"

in "node_modules/@vueuse/core/dist/index.js" contains an annotation that Rollup cannot interpret due to the position of
 the comment. The comment will be removed to avoid issues.
node_modules/@vueuse/core/dist/index.js (5780:22): A comment

"/* #__PURE__ */"

in "node_modules/@vueuse/core/dist/index.js" contains an annotation that Rollup cannot interpret due to the position of
 the comment. The comment will be removed to avoid issues.
DEPRECATION WARNING [legacy-js-api]: The legacy JS API is deprecated and will be removed in Dart Sass 2.0.0.

More info: https://sass-lang.com/d/legacy-js-api

DEPRECATION WARNING [legacy-js-api]: The legacy JS API is deprecated and will be removed in Dart Sass 2.0.0.

More info: https://sass-lang.com/d/legacy-js-api

DEPRECATION WARNING [legacy-js-api]: The legacy JS API is deprecated and will be removed in Dart Sass 2.0.0.

More info: https://sass-lang.com/d/legacy-js-api

DEPRECATION WARNING [legacy-js-api]: The legacy JS API is deprecated and will be removed in Dart Sass 2.0.0.

More info: https://sass-lang.com/d/legacy-js-api

DEPRECATION WARNING [legacy-js-api]: The legacy JS API is deprecated and will be removed in Dart Sass 2.0.0.

More info: https://sass-lang.com/d/legacy-js-api

DEPRECATION WARNING [legacy-js-api]: The legacy JS API is deprecated and will be removed in Dart Sass 2.0.0.

More info: https://sass-lang.com/d/legacy-js-api

DEPRECATION WARNING [legacy-js-api]: The legacy JS API is deprecated and will be removed in Dart Sass 2.0.0.

More info: https://sass-lang.com/d/legacy-js-api

DEPRECATION WARNING [legacy-js-api]: The legacy JS API is deprecated and will be removed in Dart Sass 2.0.0.

More info: https://sass-lang.com/d/legacy-js-api

DEPRECATION WARNING [legacy-js-api]: The legacy JS API is deprecated and will be removed in Dart Sass 2.0.0.

More info: https://sass-lang.com/d/legacy-js-api

[1m[33m[@vue/compiler-sfc][0m[33m ::v-deep usage as a combinator has been deprecated. Use :deep(<inner-selector>) i
nstead of ::v-deep <inner-selector>.[0m

DEPRECATION WARNING [legacy-js-api]: The legacy JS API is deprecated and will be removed in Dart Sass 2.0.0.

More info: https://sass-lang.com/d/legacy-js-api

DEPRECATION WARNING [legacy-js-api]: The legacy JS API is deprecated and will be removed in Dart Sass 2.0.0.

More info: https://sass-lang.com/d/legacy-js-api

DEPRECATION WARNING [legacy-js-api]: The legacy JS API is deprecated and will be removed in Dart Sass 2.0.0.

More info: https://sass-lang.com/d/legacy-js-api

DEPRECATION WARNING [legacy-js-api]: The legacy JS API is deprecated and will be removed in Dart Sass 2.0.0.

More info: https://sass-lang.com/d/legacy-js-api

[32m鉁?[39m 2451 modules transformed.
Circular chunk: element-plus -> vendor -> element-plus. Please adjust the manual chunk logic for these chunks.
Circular chunk: vendor -> echarts -> vendor. Please adjust the manual chunk logic for these chunks.
rendering chunks...
[1m[33m[plugin:vite:reporter][39m[22m [33m[plugin vite:reporter] 
(!) D:/rongcheng-admin/admin/src/api/index.ts is dynamically imported by D:/rongcheng-admin/admin/src/views/finance/ind
ex.vue, D:/rongcheng-admin/admin/src/views/finance/index.vue but also statically imported by D:/rongcheng-admin/admin/s
rc/stores/auth.ts, D:/rongcheng-admin/admin/src/stores/outlet.ts, D:/rongcheng-admin/admin/src/views/after-sales/after-
sales-orders.vue?vue&type=script&setup=true&lang.ts, D:/rongcheng-admin/admin/src/views/after-sales/refund-records.vue?
vue&type=script&setup=true&lang.ts, D:/rongcheng-admin/admin/src/views/content/index.vue, D:/rongcheng-admin/admin/src/
views/dashboard/index.vue?vue&type=script&setup=true&lang.ts, D:/rongcheng-admin/admin/src/views/finance/index.vue, D:/
rongcheng-admin/admin/src/views/finance/rules.vue, D:/rongcheng-admin/admin/src/views/orders/bookkeeping.vue?vue&type=s
cript&setup=true&lang.ts, D:/rongcheng-admin/admin/src/views/orders/detail.vue?vue&type=script&setup=true&lang.ts, D:/r
ongcheng-admin/admin/src/views/orders/newspaper.vue?vue&type=script&setup=true&lang.ts, D:/rongcheng-admin/admin/src/vi
ews/orders/seal.vue?vue&type=script&setup=true&lang.ts, D:/rongcheng-admin/admin/src/views/outlets/DeliveryReceipts.vue
?vue&type=script&setup=true&lang.ts, D:/rongcheng-admin/admin/src/views/outlets/OrderAssign.vue?vue&type=script&setup=t
rue&lang.ts, D:/rongcheng-admin/admin/src/views/outlets/OutletDashboard.vue?vue&type=script&setup=true&lang.ts, D:/rong
cheng-admin/admin/src/views/outlets/OutletList.vue?vue&type=script&setup=true&lang.ts, D:/rongcheng-admin/admin/src/vie
ws/outlets/OutletOverview.vue?vue&type=script&setup=true&lang.ts, D:/rongcheng-admin/admin/src/views/products/bookkeepi
ng-packages.vue?vue&type=script&setup=true&lang.ts, D:/rongcheng-admin/admin/src/views/products/newspaper-templates.vue
?vue&type=script&setup=true&lang.ts, D:/rongcheng-admin/admin/src/views/products/newspapers.vue?vue&type=script&setup=t
rue&lang.ts, D:/rongcheng-admin/admin/src/views/products/packages.vue?vue&type=script&setup=true&lang.ts, D:/rongcheng-
admin/admin/src/views/products/record-queries.vue?vue&type=script&setup=true&lang.ts, D:/rongcheng-admin/admin/src/view
s/products/scenes.vue?vue&type=script&setup=true&lang.ts, D:/rongcheng-admin/admin/src/views/products/seals.vue?vue&typ
e=script&setup=true&lang.ts, D:/rongcheng-admin/admin/src/views/questions/index.vue?vue&type=script&setup=true&lang.ts,
 D:/rongcheng-admin/admin/src/views/reviews/index.vue?vue&type=script&setup=true&lang.ts, D:/rongcheng-admin/admin/src/
views/system/admins.vue?vue&type=script&setup=true&lang.ts, D:/rongcheng-admin/admin/src/views/system/configs.vue?vue&t
ype=script&setup=true&lang.ts, D:/rongcheng-admin/admin/src/views/system/dispatch-rules.vue?vue&type=script&setup=true&
lang.ts, D:/rongcheng-admin/admin/src/views/system/logs.vue?vue&type=script&setup=true&lang.ts, D:/rongcheng-admin/admi
n/src/views/system/menu-roles.vue?vue&type=script&setup=true&lang.ts, D:/rongcheng-admin/admin/src/views/users/index.vu
e?vue&type=script&setup=true&lang.ts, dynamic import will not move module into another chunk.
[39m
computing gzip size...
[2mdist/[22m[32mindex.html                        [39m[1m[2m  1.01 kB[22m[1m[22m[2m 鈹?gzip:   0.45 kB[22m
[2mdist/[22m[35massets/index-CcypRDgS.css         [39m[1m[2m 78.71 kB[22m[1m[22m[2m 鈹?gzip:  12.25 kB[22m
[2mdist/[22m[35massets/element-plus-huqaWZUe.css  [39m[1m[2m360.46 kB[22m[1m[22m[2m 鈹?gzip:  48.66 kB[22m
[2mdist/[22m[36massets/vueuse-lBQ4SaJF.js         [39m[1m[2m 12.84 kB[22m[1m[22m[2m 鈹?gzip:   5.27 kB[22m
[2mdist/[22m[36massets/vue-CwzeahG7.js            [39m[1m[2m 25.75 kB[22m[1m[22m[2m 鈹?gzip:  10.13 kB[22m
[2mdist/[22m[36massets/vue-shared-8mqVeLYP.js     [39m[1m[2m 81.80 kB[22m[1m[22m[2m 鈹?gzip:  32.37 kB[22m
[2mdist/[22m[36massets/index-B2ZiId4M.js          [39m[1m[2m822.25 kB[22m[1m[22m[2m 鈹?gzip: 257.75 kB[22m
[2mdist/[22m[36massets/echarts-DTEcfn6B.js        [39m[1m[2m827.07 kB[22m[1m[22m[2m 鈹?gzip: 272.30 kB[22m
[2mdist/[22m[36massets/element-plus-DAtqC4hI.js   [39m[1m[2m949.32 kB[22m[1m[22m[2m 鈹?gzip: 293.71 kB[22m
[32m鉁?built in 19.13s[39m
